2026-04-21 15:06:30 | ERROR    | services.search_service:get_search_suggestions:428 - 获取搜索建议失败: (pymysql.err.OperationalError) (3065, "Expression #1 of ORDER BY clause is not in SELECT list, references column 'material_kb.search_histories.created_at' which is not in SELECT list; this is incompatible with DISTINCT")
[SQL: 
                    SELECT DISTINCT query 
                    FROM search_histories
                    WHERE query LIKE %s
                    ORDER BY created_at DESC
                    LIMIT %s
                ]
[parameters: ('%材%', 5)]
(Background on this error at: https://sqlalche.me/e/20/e3q8)

2026-04-21 15:06:30 | ERROR    | services.memory_service:save_user_memory:163 - 保存用户记忆失败: (pymysql.err.IntegrityError) (1452, 'Cannot add or update a child row: a foreign key constraint fails (`material_kb`.`user_preferences`, CONSTRAINT `user_preferences_ibfk_1` FOREIGN KEY (`user_id`) REFERENCES `users` (`id`))')
[SQL: INSERT INTO user_preferences (id, user_id, favorite_topics, search_filters, notification_enabled, theme) VALUES (%s, %s, %s, %s, %s, %s)]
[parameters: ('45761cc4-71b0-4503-a340-cf589f5fa178', 'test_user_123', '["材料科学", "纳米技术"]', '{"language": "zh"}', 1, 'dark')]
(Background on this error at: https://sqlalche.me/e/20/gkpj)

2026-04-21 15:06:30 | ERROR    | services.memory_service:add_search_history:237 - 添加搜索历史失败: (pymysql.err.IntegrityError) (1452, 'Cannot add or update a child row: a foreign key constraint fails (`material_kb`.`search_histories`, CONSTRAINT `search_histories_ibfk_1` FOREIGN KEY (`user_id`) REFERENCES `users` (`id`))')
[SQL: INSERT INTO search_histories (id, user_id, query, source, results_count, search_time, created_at) VALUES (%s, %s, %s, %s, %s, %s, %s)]
[parameters: ('9a65fa1e-2aa9-4c0e-83df-c201ee272898', 'test_user_123', '高强度钢材', None, 10, None, datetime.datetime(2026, 4, 21, 7, 6, 30, 457491))]
(Background on this error at: https://sqlalche.me/e/20/gkpj)

2026-04-21 15:06:51 | ERROR    | services.search_service:get_search_suggestions:428 - 获取搜索建议失败: (pymysql.err.OperationalError) (3065, "Expression #1 of ORDER BY clause is not in SELECT list, references column 'material_kb.search_histories.created_at' which is not in SELECT list; this is incompatible with DISTINCT")
[SQL: 
                    SELECT DISTINCT query 
                    FROM search_histories
                    WHERE query LIKE %s
                    ORDER BY created_at DESC
                    LIMIT %s
                ]
[parameters: ('%材%', 5)]
(Background on this error at: https://sqlalche.me/e/20/e3q8)

2026-04-21 15:06:51 | ERROR    | services.memory_service:save_user_memory:163 - 保存用户记忆失败: (pymysql.err.IntegrityError) (1452, 'Cannot add or update a child row: a foreign key constraint fails (`material_kb`.`user_preferences`, CONSTRAINT `user_preferences_ibfk_1` FOREIGN KEY (`user_id`) REFERENCES `users` (`id`))')
[SQL: INSERT INTO user_preferences (id, user_id, favorite_topics, search_filters, notification_enabled, theme) VALUES (%s, %s, %s, %s, %s, %s)]
[parameters: ('a4f30b24-342d-4851-8235-00fba9852048', 'test_user_123', '["材料科学", "纳米技术"]', '{"language": "zh"}', 1, 'dark')]
(Background on this error at: https://sqlalche.me/e/20/gkpj)

2026-04-21 15:06:51 | ERROR    | services.memory_service:add_search_history:237 - 添加搜索历史失败: (pymysql.err.IntegrityError) (1452, 'Cannot add or update a child row: a foreign key constraint fails (`material_kb`.`search_histories`, CONSTRAINT `search_histories_ibfk_1` FOREIGN KEY (`user_id`) REFERENCES `users` (`id`))')
[SQL: INSERT INTO search_histories (id, user_id, query, source, results_count, search_time, created_at) VALUES (%s, %s, %s, %s, %s, %s, %s)]
[parameters: ('81d9b6a9-7e4d-4636-806e-dac9f6ba19f1', 'test_user_123', '高强度钢材', None, 10, None, datetime.datetime(2026, 4, 21, 7, 6, 51, 549593))]
(Background on this error at: https://sqlalche.me/e/20/gkpj)

2026-04-21 15:07:48 | ERROR    | services.memory_service:save_user_memory:163 - 保存用户记忆失败: (pymysql.err.IntegrityError) (1452, 'Cannot add or update a child row: a foreign key constraint fails (`material_kb`.`user_preferences`, CONSTRAINT `user_preferences_ibfk_1` FOREIGN KEY (`user_id`) REFERENCES `users` (`id`))')
[SQL: INSERT INTO user_preferences (id, user_id, favorite_topics, search_filters, notification_enabled, theme) VALUES (%s, %s, %s, %s, %s, %s)]
[parameters: ('064e631f-1f7e-44b1-8e83-776b18a519a2', 'test_user', '["材料"]', '{}', 1, 'light')]
(Background on this error at: https://sqlalche.me/e/20/gkpj)

2026-04-22 09:53:44 | ERROR    | api.endpoints.auth:login:72 - 登录失败: hash could not be identified

2026-04-22 10:03:07 | ERROR    | api.endpoints.auth:login:72 - 登录失败: hash could not be identified

2026-04-22 10:04:49 | ERROR    | api.endpoints.auth:login:72 - 登录失败: hash could not be identified

2026-04-22 10:14:26 | ERROR    | api.endpoints.auth:login:72 - 登录失败: hash could not be identified

2026-04-23 12:04:20 | ERROR    | core.exceptions:handle_generic_exception:158 - 未捕获异常 | TypeError: object of type 'NoneType' has no len() | 路径: /api/v1/material/search
Traceback (most recent call last):
  File "C:\Users\User\AppData\Local\Python\pythoncore-3.14-64\Lib\site-packages\starlette\middleware\errors.py", line 164, in __call__
    await self.app(scope, receive, _send)
  File "C:\Users\User\AppData\Local\Python\pythoncore-3.14-64\Lib\site-packages\starlette\middleware\cors.py", line 88, in __call__
    await self.app(scope, receive, send)
  File "C:\Users\User\AppData\Local\Python\pythoncore-3.14-64\Lib\site-packages\starlette\middleware\base.py", line 191, in __call__
    with recv_stream, send_stream, collapse_excgroups():
                                   ~~~~~~~~~~~~~~~~~~^^
  File "C:\Users\User\AppData\Local\Python\pythoncore-3.14-64\Lib\contextlib.py", line 162, in __exit__
    self.gen.throw(value)
    ~~~~~~~~~~~~~~^^^^^^^
  File "C:\Users\User\AppData\Local\Python\pythoncore-3.14-64\Lib\site-packages\starlette\_utils.py", line 87, in collapse_excgroups
    raise exc
  File "C:\Users\User\AppData\Local\Python\pythoncore-3.14-64\Lib\site-packages\starlette\middleware\base.py", line 193, in __call__
    response = await self.dispatch_func(request, call_next)
               ^^^^^^^^^^^^^^^^^^^^^^^^^^^^^^^^^^^^^^^^^^^^
  File "E:\aizhishiku\sheji\app\main.py", line 53, in requests_logger
    return await log_requests(request, call_next)
           ^^^^^^^^^^^^^^^^^^^^^^^^^^^^^^^^^^^^^^
  File "E:\aizhishiku\sheji\core\logging.py", line 84, in log_requests
    response = await call_next(request)
               ^^^^^^^^^^^^^^^^^^^^^^^^
  File "C:\Users\User\AppData\Local\Python\pythoncore-3.14-64\Lib\site-packages\starlette\middleware\base.py", line 168, in call_next
    raise app_exc from app_exc.__cause__ or app_exc.__context__
  File "C:\Users\User\AppData\Local\Python\pythoncore-3.14-64\Lib\site-packages\starlette\middleware\base.py", line 144, in coro
    await self.app(scope, receive_or_disconnect, send_no_error)
  File "C:\Users\User\AppData\Local\Python\pythoncore-3.14-64\Lib\site-packages\starlette\middleware\exceptions.py", line 63, in __call__
    await wrap_app_handling_exceptions(self.app, conn)(scope, receive, send)
  File "C:\Users\User\AppData\Local\Python\pythoncore-3.14-64\Lib\site-packages\starlette\_exception_handler.py", line 53, in wrapped_app
    raise exc
  File "C:\Users\User\AppData\Local\Python\pythoncore-3.14-64\Lib\site-packages\starlette\_exception_handler.py", line 42, in wrapped_app
    await app(scope, receive, sender)
  File "C:\Users\User\AppData\Local\Python\pythoncore-3.14-64\Lib\site-packages\fastapi\middleware\asyncexitstack.py", line 18, in __call__
    await self.app(scope, receive, send)
  File "C:\Users\User\AppData\Local\Python\pythoncore-3.14-64\Lib\site-packages\starlette\routing.py", line 660, in __call__
    await self.middleware_stack(scope, receive, send)
  File "C:\Users\User\AppData\Local\Python\pythoncore-3.14-64\Lib\site-packages\starlette\routing.py", line 680, in app
    await route.handle(scope, receive, send)
  File "C:\Users\User\AppData\Local\Python\pythoncore-3.14-64\Lib\site-packages\starlette\routing.py", line 276, in handle
    await self.app(scope, receive, send)
  File "C:\Users\User\AppData\Local\Python\pythoncore-3.14-64\Lib\site-packages\fastapi\routing.py", line 134, in app
    await wrap_app_handling_exceptions(app, request)(scope, receive, send)
  File "C:\Users\User\AppData\Local\Python\pythoncore-3.14-64\Lib\site-packages\starlette\_exception_handler.py", line 53, in wrapped_app
    raise exc
  File "C:\Users\User\AppData\Local\Python\pythoncore-3.14-64\Lib\site-packages\starlette\_exception_handler.py", line 42, in wrapped_app
    await app(scope, receive, sender)
  File "C:\Users\User\AppData\Local\Python\pythoncore-3.14-64\Lib\site-packages\fastapi\routing.py", line 120, in app
    response = await f(request)
               ^^^^^^^^^^^^^^^^
  File "C:\Users\User\AppData\Local\Python\pythoncore-3.14-64\Lib\site-packages\fastapi\routing.py", line 674, in app
    raw_response = await run_endpoint_function(
                   ^^^^^^^^^^^^^^^^^^^^^^^^^^^^
    ...<3 lines>...
    )
    ^
  File "C:\Users\User\AppData\Local\Python\pythoncore-3.14-64\Lib\site-packages\fastapi\routing.py", line 328, in run_endpoint_function
    return await dependant.call(**values)
           ^^^^^^^^^^^^^^^^^^^^^^^^^^^^^^
  File "E:\aizhishiku\sheji\api\material_routes.py", line 128, in advanced_search
    results = await SearchService.advanced_search(db, search_params)
              ^^^^^^^^^^^^^^^^^^^^^^^^^^^^^^^^^^^^^^^^^^^^^^^^^^^^^^
  File "E:\aizhishiku\sheji\services\search_service.py", line 170, in advanced_search
    year_from = year_range[0] if len(year_range) > 0 else None
                                 ~~~^^^^^^^^^^^^
TypeError: object of type 'NoneType' has no len()


2026-04-23 12:05:16 | ERROR    | core.exceptions:handle_generic_exception:158 - 未捕获异常 | TypeError: object of type 'NoneType' has no len() | 路径: /api/v1/material/search
Traceback (most recent call last):
  File "C:\Users\User\AppData\Local\Python\pythoncore-3.14-64\Lib\site-packages\starlette\middleware\errors.py", line 164, in __call__
    await self.app(scope, receive, _send)
  File "C:\Users\User\AppData\Local\Python\pythoncore-3.14-64\Lib\site-packages\starlette\middleware\cors.py", line 88, in __call__
    await self.app(scope, receive, send)
  File "C:\Users\User\AppData\Local\Python\pythoncore-3.14-64\Lib\site-packages\starlette\middleware\base.py", line 191, in __call__
    with recv_stream, send_stream, collapse_excgroups():
                                   ~~~~~~~~~~~~~~~~~~^^
  File "C:\Users\User\AppData\Local\Python\pythoncore-3.14-64\Lib\contextlib.py", line 162, in __exit__
    self.gen.throw(value)
    ~~~~~~~~~~~~~~^^^^^^^
  File "C:\Users\User\AppData\Local\Python\pythoncore-3.14-64\Lib\site-packages\starlette\_utils.py", line 87, in collapse_excgroups
    raise exc
  File "C:\Users\User\AppData\Local\Python\pythoncore-3.14-64\Lib\site-packages\starlette\middleware\base.py", line 193, in __call__
    response = await self.dispatch_func(request, call_next)
               ^^^^^^^^^^^^^^^^^^^^^^^^^^^^^^^^^^^^^^^^^^^^
  File "E:\aizhishiku\sheji\app\main.py", line 53, in requests_logger
    return await log_requests(request, call_next)
           ^^^^^^^^^^^^^^^^^^^^^^^^^^^^^^^^^^^^^^
  File "E:\aizhishiku\sheji\core\logging.py", line 84, in log_requests
    response = await call_next(request)
               ^^^^^^^^^^^^^^^^^^^^^^^^
  File "C:\Users\User\AppData\Local\Python\pythoncore-3.14-64\Lib\site-packages\starlette\middleware\base.py", line 168, in call_next
    raise app_exc from app_exc.__cause__ or app_exc.__context__
  File "C:\Users\User\AppData\Local\Python\pythoncore-3.14-64\Lib\site-packages\starlette\middleware\base.py", line 144, in coro
    await self.app(scope, receive_or_disconnect, send_no_error)
  File "C:\Users\User\AppData\Local\Python\pythoncore-3.14-64\Lib\site-packages\starlette\middleware\exceptions.py", line 63, in __call__
    await wrap_app_handling_exceptions(self.app, conn)(scope, receive, send)
  File "C:\Users\User\AppData\Local\Python\pythoncore-3.14-64\Lib\site-packages\starlette\_exception_handler.py", line 53, in wrapped_app
    raise exc
  File "C:\Users\User\AppData\Local\Python\pythoncore-3.14-64\Lib\site-packages\starlette\_exception_handler.py", line 42, in wrapped_app
    await app(scope, receive, sender)
  File "C:\Users\User\AppData\Local\Python\pythoncore-3.14-64\Lib\site-packages\fastapi\middleware\asyncexitstack.py", line 18, in __call__
    await self.app(scope, receive, send)
  File "C:\Users\User\AppData\Local\Python\pythoncore-3.14-64\Lib\site-packages\starlette\routing.py", line 660, in __call__
    await self.middleware_stack(scope, receive, send)
  File "C:\Users\User\AppData\Local\Python\pythoncore-3.14-64\Lib\site-packages\starlette\routing.py", line 680, in app
    await route.handle(scope, receive, send)
  File "C:\Users\User\AppData\Local\Python\pythoncore-3.14-64\Lib\site-packages\starlette\routing.py", line 276, in handle
    await self.app(scope, receive, send)
  File "C:\Users\User\AppData\Local\Python\pythoncore-3.14-64\Lib\site-packages\fastapi\routing.py", line 134, in app
    await wrap_app_handling_exceptions(app, request)(scope, receive, send)
  File "C:\Users\User\AppData\Local\Python\pythoncore-3.14-64\Lib\site-packages\starlette\_exception_handler.py", line 53, in wrapped_app
    raise exc
  File "C:\Users\User\AppData\Local\Python\pythoncore-3.14-64\Lib\site-packages\starlette\_exception_handler.py", line 42, in wrapped_app
    await app(scope, receive, sender)
  File "C:\Users\User\AppData\Local\Python\pythoncore-3.14-64\Lib\site-packages\fastapi\routing.py", line 120, in app
    response = await f(request)
               ^^^^^^^^^^^^^^^^
  File "C:\Users\User\AppData\Local\Python\pythoncore-3.14-64\Lib\site-packages\fastapi\routing.py", line 674, in app
    raw_response = await run_endpoint_function(
                   ^^^^^^^^^^^^^^^^^^^^^^^^^^^^
    ...<3 lines>...
    )
    ^
  File "C:\Users\User\AppData\Local\Python\pythoncore-3.14-64\Lib\site-packages\fastapi\routing.py", line 328, in run_endpoint_function
    return await dependant.call(**values)
           ^^^^^^^^^^^^^^^^^^^^^^^^^^^^^^
  File "E:\aizhishiku\sheji\api\material_routes.py", line 128, in advanced_search
    results = await SearchService.advanced_search(db, search_params)
              ^^^^^^^^^^^^^^^^^^^^^^^^^^^^^^^^^^^^^^^^^^^^^^^^^^^^^^
  File "E:\aizhishiku\sheji\services\search_service.py", line 170, in advanced_search
    year_from = year_range[0] if len(year_range) > 0 else None
                                 ~~~^^^^^^^^^^^^
TypeError: object of type 'NoneType' has no len()


2026-04-23 14:16:49 | ERROR    | api.endpoints.auth:login:72 - 登录失败: hash could not be identified

2026-04-23 14:16:50 | ERROR    | api.endpoints.auth:login:72 - 登录失败: hash could not be identified

2026-04-23 14:16:57 | ERROR    | api.endpoints.auth:login:72 - 登录失败: hash could not be identified

2026-04-23 14:16:58 | ERROR    | api.endpoints.auth:login:72 - 登录失败: hash could not be identified

2026-04-23 14:18:34 | ERROR    | api.endpoints.auth:login:72 - 登录失败: hash could not be identified

2026-04-23 14:21:58 | ERROR    | api.endpoints.admin:list_users:182 - 获取用户列表失败: 'str' object has no attribute 'isoformat'

2026-04-23 14:21:59 | ERROR    | api.endpoints.admin:list_pdfs:658 - 获取PDF列表失败: 'str' object has no attribute 'isoformat'

2026-04-23 14:22:07 | ERROR    | api.endpoints.admin:list_pdfs:658 - 获取PDF列表失败: 'str' object has no attribute 'isoformat'

2026-04-23 14:22:11 | ERROR    | api.endpoints.admin:list_users:182 - 获取用户列表失败: 'str' object has no attribute 'isoformat'

2026-04-23 14:22:19 | ERROR    | api.endpoints.admin:list_users:182 - 获取用户列表失败: 'str' object has no attribute 'isoformat'

2026-04-23 14:22:19 | ERROR    | api.endpoints.admin:list_pdfs:658 - 获取PDF列表失败: 'str' object has no attribute 'isoformat'

2026-04-23 14:23:40 | ERROR    | api.endpoints.admin:list_users:182 - 获取用户列表失败: 'str' object has no attribute 'isoformat'

2026-04-23 14:23:40 | ERROR    | api.endpoints.admin:list_pdfs:658 - 获取PDF列表失败: 'str' object has no attribute 'isoformat'

2026-04-23 17:23:08 | ERROR    | api.endpoints.auth:login:72 - 登录失败: hash could not be identified

2026-04-23 17:23:09 | ERROR    | api.endpoints.auth:login:72 - 登录失败: hash could not be identified

2026-04-23 17:23:19 | ERROR    | api.endpoints.auth:login:72 - 登录失败: hash could not be identified

2026-04-23 17:25:44 | ERROR    | api.endpoints.auth:login:72 - 登录失败: hash could not be identified

2026-04-23 17:25:48 | ERROR    | api.endpoints.auth:login:72 - 登录失败: hash could not be identified

2026-04-23 17:26:20 | ERROR    | api.endpoints.auth:login:72 - 登录失败: hash could not be identified

2026-04-23 17:26:34 | ERROR    | api.endpoints.auth:login:72 - 登录失败: hash could not be identified

2026-04-23 17:27:24 | ERROR    | api.endpoints.auth:login:72 - 登录失败: hash could not be identified

2026-04-23 17:27:55 | ERROR    | api.endpoints.auth:login:72 - 登录失败: hash could not be identified

2026-04-23 17:27:56 | ERROR    | api.endpoints.auth:login:72 - 登录失败: hash could not be identified

2026-04-23 17:27:56 | ERROR    | api.endpoints.auth:login:72 - 登录失败: hash could not be identified

2026-04-23 17:27:56 | ERROR    | api.endpoints.auth:login:72 - 登录失败: hash could not be identified

2026-04-23 17:27:56 | ERROR    | api.endpoints.auth:login:72 - 登录失败: hash could not be identified

2026-04-23 17:27:56 | ERROR    | api.endpoints.auth:login:72 - 登录失败: hash could not be identified

2026-04-23 17:28:02 | ERROR    | api.endpoints.auth:login:72 - 登录失败: hash could not be identified

2026-04-23 17:28:26 | ERROR    | api.endpoints.auth:login:72 - 登录失败: hash could not be identified

